###############################################################################
#
# IAR ELF Linker V2.20.1.176 for STM8                     01/Nov/2019  22:21:12
# Copyright 2010-2015 IAR Systems AB.
#
#    Output file  =  
#        C:\Users\admin\Desktop\New folder\stm8\Projects
#        File\Debug\Exe\Project_stm8.out
#    Map file     =  
#        C:\Users\admin\Desktop\New folder\stm8\Projects
#        File\Debug\List\Project_stm8.map
#    Command line =  
#        "C:\Users\admin\Desktop\New folder\stm8\Projects
#        File\Debug\Obj\main.o" "C:\Users\admin\Desktop\New
#        folder\stm8\Projects File\Debug\Obj\stm8s_adc1.o"
#        "C:\Users\admin\Desktop\New folder\stm8\Projects
#        File\Debug\Obj\stm8s_awu.o" "C:\Users\admin\Desktop\New
#        folder\stm8\Projects File\Debug\Obj\stm8s_beep.o"
#        "C:\Users\admin\Desktop\New folder\stm8\Projects
#        File\Debug\Obj\stm8s_clk.o" "C:\Users\admin\Desktop\New
#        folder\stm8\Projects File\Debug\Obj\stm8s_config.o"
#        "C:\Users\admin\Desktop\New folder\stm8\Projects
#        File\Debug\Obj\stm8s_exti.o" "C:\Users\admin\Desktop\New
#        folder\stm8\Projects File\Debug\Obj\stm8s_flash.o"
#        "C:\Users\admin\Desktop\New folder\stm8\Projects
#        File\Debug\Obj\stm8s_gpio.o" "C:\Users\admin\Desktop\New
#        folder\stm8\Projects File\Debug\Obj\stm8s_i2c.o"
#        "C:\Users\admin\Desktop\New folder\stm8\Projects
#        File\Debug\Obj\stm8s_it.o" "C:\Users\admin\Desktop\New
#        folder\stm8\Projects File\Debug\Obj\stm8s_itc.o"
#        "C:\Users\admin\Desktop\New folder\stm8\Projects
#        File\Debug\Obj\stm8s_iwdg.o" "C:\Users\admin\Desktop\New
#        folder\stm8\Projects File\Debug\Obj\stm8s_rst.o"
#        "C:\Users\admin\Desktop\New folder\stm8\Projects
#        File\Debug\Obj\stm8s_spi.o" "C:\Users\admin\Desktop\New
#        folder\stm8\Projects File\Debug\Obj\stm8s_tim1.o"
#        "C:\Users\admin\Desktop\New folder\stm8\Projects
#        File\Debug\Obj\stm8s_tim2.o" "C:\Users\admin\Desktop\New
#        folder\stm8\Projects File\Debug\Obj\stm8s_tim4.o"
#        "C:\Users\admin\Desktop\New folder\stm8\Projects
#        File\Debug\Obj\stm8s_uart1.o" "C:\Users\admin\Desktop\New
#        folder\stm8\Projects File\Debug\Obj\stm8s_wwdg.o" --redirect
#        _Printf=_PrintfFullNoMb --redirect _Scanf=_ScanfFullNoMb -o
#        "C:\Users\admin\Desktop\New folder\stm8\Projects
#        File\Debug\Exe\Project_stm8.out" --map "C:\Users\admin\Desktop\New
#        folder\stm8\Projects File\Debug\List\Project_stm8.map" --config
#        "C:\Program Files (x86)\IAR Systems\Embedded Workbench
#        7.3\stm8\config\lnkstm8s103f3.icf" --config_def _CSTACK_SIZE=0x100
#        --config_def _HEAP_SIZE=0x100 --entry __iar_program_start --debug_lib
#
###############################################################################

*******************************************************************************
*** RUNTIME MODEL ATTRIBUTES
***

__SystemLibrary            = DLib
__code_model               = small
__core                     = stm8
__data_model               = medium
__dlib_file_descriptor     = 0
__dlib_full_locale_support = 0
__rt_version               = 4


*******************************************************************************
*** PLACEMENT SUMMARY
***

"A1":  place at start of [0x000000-0x0000ff] { rw section .vregs };
"A2":  place at end of [0x000000-0x0003ff] { block CSTACK };
"P2":  place in [from 0x000000 to 0x0003ff] {
          block HEAP, rw section __DLIB_PERTHREAD, rw section .far.bss,
          rw section .far.data, rw section .far.noinit,
          rw section .far_func.textrw, rw section .huge.bss,
          rw section .huge.data, rw section .huge.noinit,
          rw section .huge_func.textrw, rw section .iar.dynexit,
          rw section .near.bss, rw section .near.data, rw section .near.noinit,
          rw section .near_func.textrw };
"A3":  place at start of [0x008000-0x009fff] { block INTVEC };
"P3":  place in [from 0x008000 to 0x009fff] {
          ro section __DLIB_PERTHREAD_init, ro section .far.data_init,
          ro section .far_func.textrw_init, ro section .huge.data_init,
          ro section .huge_func.textrw_init, ro section .iar.init_table,
          ro section .init_array, ro section .near.data_init,
          ro section .near.rodata, ro section .near_func.text,
          ro section .near_func.textrw_init, ro section .tiny.data_init,
          ro section .tiny.rodata_init };

  Section          Kind      Address   Size  Object
  -------          ----      -------   ----  ------
"A1":                                  0x10
  .vregs           uninit   0x000000   0x10  vregs.o [4]
                          - 0x000010   0x10

"P2":                                   0x4
  .near.bss        zero     0x000010    0x4  main.o [1]
                          - 0x000014    0x4

"A2":                                 0x100
  CSTACK                    0x000300  0x100  <Block>
    CSTACK         uninit   0x000300  0x100  <Block tail>
                          - 0x000400  0x100

"A3":                                  0x80
  INTVEC                    0x008000   0x80  <Block>
    .intvec        const    0x008000   0x80  interrupt.o [4]
                          - 0x008080   0x80

"P3":                                 0x527
  .near_func.text  ro code  0x008080  0x131  stm8s_clk.o [1]
  .near_func.text  ro code  0x0081b1  0x114  stm8s_gpio.o [1]
  .near_func.text  ro code  0x0082c5   0x8b  stm8s_clk.o [1]
  .near_func.text  ro code  0x008350   0x6c  vreg_util.o [4]
  .near.rodata     const    0x0083bc   0x42  stm8s_gpio.o [1]
  .near.rodata     const    0x0083fe   0x41  stm8s_clk.o [1]
  .near_func.text  ro code  0x00843f   0x36  stm8s_clk.o [1]
  .near_func.text  ro code  0x008475   0x28  stm8s_config.o [1]
  .near_func.text  ro code  0x00849d   0x25  main.o [1]
  .iar.init_table  const    0x0084c2    0x8  - Linker created -
  .near_func.text  ro code  0x0084ca   0x1e  init_small.o [4]
  .near_func.text  ro code  0x0084e8   0x1a  long_util.o [4]
  .near_func.text  ro code  0x008502   0x19  stm8s_config.o [1]
  .near_func.text  ro code  0x00851b   0x17  init.o [4]
  .near_func.text  ro code  0x008532   0x14  __dbg_xxexit.o [3]
  .near_func.text  ro code  0x008546   0x13  cstartup.o [4]
  .near_func.text  ro code  0x008559   0x13  long.o [4]
  .near_func.text  ro code  0x00856c    0xc  stm8s_config.o [1]
  .near_func.text  ro code  0x008578    0x7  stm8s_gpio.o [1]
  .near_func.text  ro code  0x00857f    0x5  cexit.o [4]
  .near_func.text  ro code  0x008584    0x3  interrupt.o [4]
  .near_func.text  ro code  0x008587    0x3  low_level_init.o [4]
  .near_func.text  ro code  0x00858a    0x3  exit.o [4]
  .near_func.text  ro code  0x00858d    0x3  unhandled_exception.o [4]
  .near_func.text  ro code  0x008590    0x2  main.o [1]
  .near_func.text  ro code  0x008592    0x1  stm8s_it.o [1]
  .near_func.text  ro code  0x008593    0x1  stm8s_it.o [1]
  .near_func.text  ro code  0x008594    0x1  stm8s_it.o [1]
  .near_func.text  ro code  0x008595    0x1  stm8s_it.o [1]
  .near_func.text  ro code  0x008596    0x1  stm8s_it.o [1]
  .near_func.text  ro code  0x008597    0x1  stm8s_it.o [1]
  .near_func.text  ro code  0x008598    0x1  stm8s_it.o [1]
  .near_func.text  ro code  0x008599    0x1  stm8s_it.o [1]
  .near_func.text  ro code  0x00859a    0x1  stm8s_it.o [1]
  .near_func.text  ro code  0x00859b    0x1  stm8s_it.o [1]
  .near_func.text  ro code  0x00859c    0x1  stm8s_it.o [1]
  .near_func.text  ro code  0x00859d    0x1  stm8s_it.o [1]
  .near_func.text  ro code  0x00859e    0x1  stm8s_it.o [1]
  .near_func.text  ro code  0x00859f    0x1  stm8s_it.o [1]
  .near_func.text  ro code  0x0085a0    0x1  stm8s_it.o [1]
  .near_func.text  ro code  0x0085a1    0x1  stm8s_it.o [1]
  .near_func.text  ro code  0x0085a2    0x1  stm8s_it.o [1]
  .near_func.text  ro code  0x0085a3    0x1  stm8s_it.o [1]
  .near_func.text  ro code  0x0085a4    0x1  stm8s_it.o [1]
  .near_func.text  ro code  0x0085a5    0x1  stm8s_it.o [1]
  .near_func.text  ro code  0x0085a6    0x1  __dbg_break.o [3]
                          - 0x0085a7  0x527


*******************************************************************************
*** INIT TABLE
***

          Address   Size
          -------   ----
Zero (__iar_zero_init2)
    1 destination range, total size 0x4:
          0x000010   0x4



*******************************************************************************
*** MODULE SUMMARY
***

    Module                 ro code  ro data  rw data
    ------                 -------  -------  -------
C:\Users\admin\Desktop\New folder\stm8\Projects File\Debug\Obj: [1]
    main.o                      39                 4
    stm8s_clk.o                498       65
    stm8s_config.o              77
    stm8s_gpio.o               283       66
    stm8s_it.o                  20
    ------------------------------------------------
    Total:                     917      131        4

command line: [2]
    ------------------------------------------------
    Total:

dbgstm8smd.a: [3]
    __dbg_break.o                1
    __dbg_xxexit.o              20
    ------------------------------------------------
    Total:                      21

dlstm8smn.a: [4]
    cexit.o                      5
    cstartup.o                  19
    exit.o                       3
    init.o                      23
    init_small.o                30
    interrupt.o                  3      128
    long.o                      19
    long_util.o                 26
    low_level_init.o             3
    unhandled_exception.o        3
    vreg_util.o                108
    vregs.o                                       16
    ------------------------------------------------
    Total:                     242      128       16

    Linker created                        8      256
----------------------------------------------------
    Grand Total:             1 180      267      276


*******************************************************************************
*** ENTRY LIST
***

Entry                    Address   Size  Type      Object
-----                    -------   ----  ----      ------
.iar.init_table$$Base   0x0084c2          --   Gb  - Linker created -
.iar.init_table$$Limit  0x0084ca          --   Gb  - Linker created -
?b0                     0x000000         Data  Gb  vregs.o [4]
?b1                     0x000001         Data  Gb  vregs.o [4]
?b10                    0x00000a         Data  Gb  vregs.o [4]
?b11                    0x00000b         Data  Gb  vregs.o [4]
?b12                    0x00000c         Data  Gb  vregs.o [4]
?b13                    0x00000d         Data  Gb  vregs.o [4]
?b14                    0x00000e         Data  Gb  vregs.o [4]
?b15                    0x00000f         Data  Gb  vregs.o [4]
?b2                     0x000002         Data  Gb  vregs.o [4]
?b3                     0x000003         Data  Gb  vregs.o [4]
?b4                     0x000004         Data  Gb  vregs.o [4]
?b5                     0x000005         Data  Gb  vregs.o [4]
?b6                     0x000006         Data  Gb  vregs.o [4]
?b7                     0x000007         Data  Gb  vregs.o [4]
?b8                     0x000008         Data  Gb  vregs.o [4]
?b9                     0x000009         Data  Gb  vregs.o [4]
?e0                     0x000001         Data  Gb  vregs.o [4]
?e1                     0x000005         Data  Gb  vregs.o [4]
?e2                     0x000009         Data  Gb  vregs.o [4]
?e3                     0x00000d         Data  Gb  vregs.o [4]
?epilogue_l2            0x0083b1         Code  Gb  vreg_util.o [4]
?epilogue_l2_w6         0x0083b5         Code  Gb  vreg_util.o [4]
?inc32_0x_0x            0x00855e         Code  Gb  long.o [4]
?inc32_l0_l0            0x008559         Code  Gb  long.o [4]
?l0                     0x000000         Data  Gb  vregs.o [4]
?l1                     0x000004         Data  Gb  vregs.o [4]
?l2                     0x000008         Data  Gb  vregs.o [4]
?l3                     0x00000c         Data  Gb  vregs.o [4]
?load32_0x_l0           0x0084f4         Code  Gb  long_util.o [4]
?load32_l0_0x           0x0084e8         Code  Gb  long_util.o [4]
?pop_l2                 0x00839e         Code  Gb  vreg_util.o [4]
?pop_w6                 0x00836d         Code  Gb  vreg_util.o [4]
?push_l2                0x00837c         Code  Gb  vreg_util.o [4]
?push_w4                0x008350         Code  Gb  vreg_util.o [4]
?push_w6                0x008355         Code  Gb  vreg_util.o [4]
?w0                     0x000000         Data  Gb  vregs.o [4]
?w1                     0x000002         Data  Gb  vregs.o [4]
?w2                     0x000004         Data  Gb  vregs.o [4]
?w3                     0x000006         Data  Gb  vregs.o [4]
?w4                     0x000008         Data  Gb  vregs.o [4]
?w5                     0x00000a         Data  Gb  vregs.o [4]
?w6                     0x00000c         Data  Gb  vregs.o [4]
?w7                     0x00000e         Data  Gb  vregs.o [4]
ADC1_IRQHandler         0x0085a3    0x1  Code  Gb  stm8s_it.o [1]
AWU_IRQHandler          0x008594    0x1  Code  Gb  stm8s_it.o [1]
CLK_ClockSwitchConfig   0x008080  0x131  Code  Gb  stm8s_clk.o [1]
CLK_DeInit              0x00843f   0x36  Code  Gb  stm8s_clk.o [1]
CLK_IRQHandler          0x008595    0x1  Code  Gb  stm8s_it.o [1]
CLK_SYSCLKConfig        0x0082c5   0x8b  Code  Gb  stm8s_clk.o [1]
CSTACK$$Base            0x000300          --   Gb  - Linker created -
CSTACK$$Limit           0x000400          --   Gb  - Linker created -
EEPROM_EEC_IRQHandler   0x0085a5    0x1  Code  Gb  stm8s_it.o [1]
EXTI_PORTA_IRQHandler   0x008596    0x1  Code  Gb  stm8s_it.o [1]
EXTI_PORTB_IRQHandler   0x008597    0x1  Code  Gb  stm8s_it.o [1]
EXTI_PORTC_IRQHandler   0x008598    0x1  Code  Gb  stm8s_it.o [1]
EXTI_PORTD_IRQHandler   0x008599    0x1  Code  Gb  stm8s_it.o [1]
EXTI_PORTE_IRQHandler   0x00859a    0x1  Code  Gb  stm8s_it.o [1]
GPIO_Config             0x00856c    0xc  Code  Gb  stm8s_config.o [1]
GPIO_Init               0x0081b1  0x114  Code  Gb  stm8s_gpio.o [1]
GPIO_WriteReverse       0x008578    0x7  Code  Gb  stm8s_gpio.o [1]
I2C_IRQHandler          0x0085a2    0x1  Code  Gb  stm8s_it.o [1]
INTVEC$$Base            0x008000          --   Gb  - Linker created -
INTVEC$$Limit           0x008080          --   Gb  - Linker created -
Region$$Table$$Base     0x0084c2          --   Gb  - Linker created -
Region$$Table$$Limit    0x0084ca          --   Gb  - Linker created -
SPI_IRQHandler          0x00859b    0x1  Code  Gb  stm8s_it.o [1]
TIM1_CAP_COM_IRQHandler
                        0x00859d    0x1  Code  Gb  stm8s_it.o [1]
TIM1_UPD_OVF_TRG_BRK_IRQHandler
                        0x00859c    0x1  Code  Gb  stm8s_it.o [1]
TIM2_CAP_COM_IRQHandler
                        0x00859f    0x1  Code  Gb  stm8s_it.o [1]
TIM2_UPD_OVF_BRK_IRQHandler
                        0x00859e    0x1  Code  Gb  stm8s_it.o [1]
TIM4_UPD_OVF_IRQHandler
                        0x0085a4    0x1  Code  Gb  stm8s_it.o [1]
TLI_IRQHandler          0x008593    0x1  Code  Gb  stm8s_it.o [1]
TRAP_IRQHandler         0x008592    0x1  Code  Gb  stm8s_it.o [1]
UART1_RX_IRQHandler     0x0085a1    0x1  Code  Gb  stm8s_it.o [1]
UART1_TX_IRQHandler     0x0085a0    0x1  Code  Gb  stm8s_it.o [1]
__DebugBreak            0x0085a6    0x1  Code  Gb  __dbg_break.o [3]
__exit                  0x008532   0x14  Code  Gb  __dbg_xxexit.o [3]
__iar_data_init2        0x00851b   0x17  Code  Gb  init.o [4]
__iar_program_start     0x008546         Code  Gb  cstartup.o [4]
__iar_unhandled_exception
                        0x00858d         Code  Gb  unhandled_exception.o [4]
__iar_zero_init2        0x0084ca         Code  Gb  init_small.o [4]
__intvec                0x008000         Data  Gb  interrupt.o [4]
__low_level_init        0x008587    0x3  Code  Gb  low_level_init.o [4]
_exit                   0x00857f         Code  Gb  cexit.o [4]
_interrupt_1            0x008592         Code  Gb  stm8s_it.o [1]
_interrupt_12           0x00859b         Code  Gb  stm8s_it.o [1]
_interrupt_13           0x00859c         Code  Gb  stm8s_it.o [1]
_interrupt_14           0x00859d         Code  Gb  stm8s_it.o [1]
_interrupt_15           0x00859e         Code  Gb  stm8s_it.o [1]
_interrupt_16           0x00859f         Code  Gb  stm8s_it.o [1]
_interrupt_19           0x0085a0         Code  Gb  stm8s_it.o [1]
_interrupt_2            0x008593         Code  Gb  stm8s_it.o [1]
_interrupt_20           0x0085a1         Code  Gb  stm8s_it.o [1]
_interrupt_21           0x0085a2         Code  Gb  stm8s_it.o [1]
_interrupt_24           0x0085a3         Code  Gb  stm8s_it.o [1]
_interrupt_25           0x0085a4         Code  Gb  stm8s_it.o [1]
_interrupt_26           0x0085a5         Code  Gb  stm8s_it.o [1]
_interrupt_3            0x008594         Code  Gb  stm8s_it.o [1]
_interrupt_4            0x008595         Code  Gb  stm8s_it.o [1]
_interrupt_5            0x008596         Code  Gb  stm8s_it.o [1]
_interrupt_6            0x008597         Code  Gb  stm8s_it.o [1]
_interrupt_7            0x008598         Code  Gb  stm8s_it.o [1]
_interrupt_8            0x008599         Code  Gb  stm8s_it.o [1]
_interrupt_9            0x00859a         Code  Gb  stm8s_it.o [1]
assert_failed           0x008590    0x2  Code  Gb  main.o [1]
clk_config_16MHz_hsi    0x008502   0x19  Code  Gb  stm8s_config.o [1]
delay                   0x008475   0x28  Code  Gb  stm8s_config.o [1]
exit                    0x00858a    0x3  Code  Gb  exit.o [4]
main                    0x00849d   0x25  Code  Gb  main.o [1]
test                    0x000010    0x4  Data  Gb  main.o [1]


[1] = C:\Users\admin\Desktop\New folder\stm8\Projects File\Debug\Obj
[2] = command line
[3] = dbgstm8smd.a
[4] = dlstm8smn.a

  1 180 bytes of readonly  code memory
    267 bytes of readonly  data memory
    276 bytes of readwrite data memory

Errors: none
Warnings: none
