###############################################################################
#
# IAR ELF Linker V2.20.1.176 for STM8                     03/Nov/2019  19:50:46
# Copyright 2010-2015 IAR Systems AB.
#
#    Output file  =  
#        C:\Users\admin\Desktop\New folder\stm8\Projects
#        File\Debug\Exe\Project_stm8.out
#    Map file     =  
#        C:\Users\admin\Desktop\New folder\stm8\Projects
#        File\Debug\List\Project_stm8.map
#    Command line =  
#        "C:\Users\admin\Desktop\New folder\stm8\Projects
#        File\Debug\Obj\main.o" "C:\Users\admin\Desktop\New
#        folder\stm8\Projects File\Debug\Obj\Print.o"
#        "C:\Users\admin\Desktop\New folder\stm8\Projects
#        File\Debug\Obj\Serial.o" "C:\Users\admin\Desktop\New
#        folder\stm8\Projects File\Debug\Obj\stm8s_adc1.o"
#        "C:\Users\admin\Desktop\New folder\stm8\Projects
#        File\Debug\Obj\stm8s_awu.o" "C:\Users\admin\Desktop\New
#        folder\stm8\Projects File\Debug\Obj\stm8s_beep.o"
#        "C:\Users\admin\Desktop\New folder\stm8\Projects
#        File\Debug\Obj\stm8s_clk.o" "C:\Users\admin\Desktop\New
#        folder\stm8\Projects File\Debug\Obj\stm8s_config.o"
#        "C:\Users\admin\Desktop\New folder\stm8\Projects
#        File\Debug\Obj\stm8s_exti.o" "C:\Users\admin\Desktop\New
#        folder\stm8\Projects File\Debug\Obj\stm8s_flash.o"
#        "C:\Users\admin\Desktop\New folder\stm8\Projects
#        File\Debug\Obj\stm8s_gpio.o" "C:\Users\admin\Desktop\New
#        folder\stm8\Projects File\Debug\Obj\stm8s_i2c.o"
#        "C:\Users\admin\Desktop\New folder\stm8\Projects
#        File\Debug\Obj\stm8s_itc.o" "C:\Users\admin\Desktop\New
#        folder\stm8\Projects File\Debug\Obj\stm8s_iwdg.o"
#        "C:\Users\admin\Desktop\New folder\stm8\Projects
#        File\Debug\Obj\stm8s_rst.o" "C:\Users\admin\Desktop\New
#        folder\stm8\Projects File\Debug\Obj\stm8s_spi.o"
#        "C:\Users\admin\Desktop\New folder\stm8\Projects
#        File\Debug\Obj\stm8s_tim1.o" "C:\Users\admin\Desktop\New
#        folder\stm8\Projects File\Debug\Obj\stm8s_tim2.o"
#        "C:\Users\admin\Desktop\New folder\stm8\Projects
#        File\Debug\Obj\stm8s_tim4.o" "C:\Users\admin\Desktop\New
#        folder\stm8\Projects File\Debug\Obj\stm8s_uart1.o"
#        "C:\Users\admin\Desktop\New folder\stm8\Projects
#        File\Debug\Obj\stm8s_wwdg.o" --redirect _Printf=_PrintfFullNoMb
#        --redirect _Scanf=_ScanfFullNoMb -o "C:\Users\admin\Desktop\New
#        folder\stm8\Projects File\Debug\Exe\Project_stm8.out" --map
#        "C:\Users\admin\Desktop\New folder\stm8\Projects
#        File\Debug\List\Project_stm8.map" --config "C:\Program Files (x86)\IAR
#        Systems\Embedded Workbench 7.3\stm8\config\lnkstm8s103f3.icf"
#        --config_def _CSTACK_SIZE=0x100 --config_def _HEAP_SIZE=0x100 --entry
#        __iar_program_start --debug_lib
#
###############################################################################

*******************************************************************************
*** RUNTIME MODEL ATTRIBUTES
***

__SystemLibrary            = DLib
__code_model               = small
__core                     = stm8
__data_model               = medium
__dlib_file_descriptor     = 0
__dlib_full_locale_support = 0
__rt_version               = 4


*******************************************************************************
*** PLACEMENT SUMMARY
***

"A1":  place at start of [0x000000-0x0000ff] { rw section .vregs };
"A2":  place at end of [0x000000-0x0003ff] { block CSTACK };
"P2":  place in [from 0x000000 to 0x0003ff] {
          block HEAP, rw section __DLIB_PERTHREAD, rw section .far.bss,
          rw section .far.data, rw section .far.noinit,
          rw section .far_func.textrw, rw section .huge.bss,
          rw section .huge.data, rw section .huge.noinit,
          rw section .huge_func.textrw, rw section .iar.dynexit,
          rw section .near.bss, rw section .near.data, rw section .near.noinit,
          rw section .near_func.textrw };
"A3":  place at start of [0x008000-0x009fff] { block INTVEC };
"P3":  place in [from 0x008000 to 0x009fff] {
          ro section __DLIB_PERTHREAD_init, ro section .far.data_init,
          ro section .far_func.textrw_init, ro section .huge.data_init,
          ro section .huge_func.textrw_init, ro section .iar.init_table,
          ro section .init_array, ro section .near.data_init,
          ro section .near.rodata, ro section .near_func.text,
          ro section .near_func.textrw_init, ro section .tiny.data_init,
          ro section .tiny.rodata_init };

  Section             Kind      Address   Size  Object
  -------             ----      -------   ----  ------
"A1":                                     0x10
  .vregs              uninit   0x000000   0x10  vregs.o [4]
                             - 0x000010   0x10

"P2":                                     0x27
  .near.bss           zero     0x000010   0x10  Serial.o [1]
  .near.bss           zero     0x000020   0x10  Serial.o [1]
  .near.bss           zero     0x000030    0x2  Serial.o [1]
  .near.bss           zero     0x000032    0x1  Serial.o [1]
  .near.bss           zero     0x000033    0x1  Serial.o [1]
  .near.bss           zero     0x000034    0x1  Serial.o [1]
  .near.bss           zero     0x000035    0x1  Serial.o [1]
  .near.bss           zero     0x000036    0x1  Serial.o [1]
                             - 0x000037   0x27

"A2":                                    0x100
  CSTACK                       0x000300  0x100  <Block>
    CSTACK            uninit   0x000300  0x100  <Block tail>
                             - 0x000400  0x100

"A3":                                     0x80
  INTVEC                       0x008000   0x80  <Block>
    .intvec           const    0x008000   0x80  interrupt.o [4]
                             - 0x008080   0x80

"P3":                                    0xc52
  .near_func.text     ro code  0x008080  0x226  stm8s_uart1.o [1]
  .near_func.text     ro code  0x0082a6  0x131  stm8s_clk.o [1]
  .near_func.text     ro code  0x0083d7  0x12b  long.o [4]
  .near_func.text     ro code  0x008502  0x114  stm8s_gpio.o [1]
  .near_func.text     ro code  0x008616   0xed  vreg_util.o [4]
  .near_func.text     ro code  0x008703   0xb3  Print.o [1]
  .near_func.text     ro code  0x0087b6   0x8b  stm8s_clk.o [1]
  .near_func.text     ro code  0x008841   0x57  stm8s_clk.o [1]
  .near_func.text     ro code  0x008898   0x49  Print.o [1]
  .near_func.text     ro code  0x0088e1   0x47  long_util.o [4]
  .near_func.text     ro code  0x008928   0x46  Serial.o [1]
  .near.rodata        const    0x00896e   0x43  stm8s_uart1.o [1]
  .near.rodata        const    0x0089b1   0x42  stm8s_gpio.o [1]
  .near.rodata        const    0x0089f3   0x41  stm8s_clk.o [1]
  .near_func.text     ro code  0x008a34   0x3f  Serial.o [1]
  .near_func.text     ro code  0x008a73   0x39  Serial.o [1]
  .near_func.text     ro code  0x008aac   0x36  stm8s_clk.o [1]
  .near_func.text     ro code  0x008ae2   0x2a  Print.o [1]
  .near_func.text     ro code  0x008b0c   0x28  stm8s_config.o [1]
  .near_func.text     ro code  0x008b34   0x25  main.o [1]
  .near_func.text     ro code  0x008b59   0x25  stm8s_uart1.o [1]
  .near_func.text     ro code  0x008b7e   0x25  dc_util.o [4]
  .iar.init_table     const    0x008ba3    0x8  - Linker created -
  .near_func.text     ro code  0x008bab   0x1e  cppinit.o [4]
  .near_func.text     ro code  0x008bc9   0x1e  init_small.o [4]
  .near_func.text     ro code  0x008be7   0x1d  cstartup.o [4]
  .near_func.text     ro code  0x008c04   0x1c  stm8s_config.o [1]
  .near_func.text     ro code  0x008c20   0x19  stm8s_config.o [1]
  .near_func.text     ro code  0x008c39   0x18  Print.o [1]
  .near_func.text     ro code  0x008c51   0x17  init.o [4]
  .near_func.text     ro code  0x008c68   0x15  short.o [4]
  .near_func.text     ro code  0x008c7d   0x14  __dbg_xxexit.o [3]
  .near_func.text     ro code  0x008c91    0xc  stm8s_config.o [1]
  .near.rodata        const    0x008c9d    0x8  Serial.o [1]
  .near_func.text     ro code  0x008ca5    0x7  stm8s_gpio.o [1]
  .near_func.text     ro code  0x008cac    0x6  Serial.o [1]
  .near_func.text     ro code  0x008cb2    0x6  Serial.o [1]
  .near_func.text     ro code  0x008cb8    0x5  cexit.o [4]
  .near.rodata        const    0x008cbd    0x4  stm8s_clk.o [1]
  .near_func.text     ro code  0x008cc1    0x3  interrupt.o [4]
  .near_func.text     ro code  0x008cc4    0x3  low_level_init.o [4]
  .near_func.text     ro code  0x008cc7    0x3  exit.o [4]
  .near_func.text     ro code  0x008cca    0x3  unhandled_exception.o [4]
  .near_func.text     ro code  0x008ccd    0x2  main.o [1]
  SHT$$PREINIT_ARRAY           0x008ccf    0x0  <Block>
  SHT$$INIT_ARRAY              0x008ccf    0x2  <Block>
    .difunct          const    0x008ccf    0x2  Serial.o [1]
  .near_func.text     ro code  0x008cd1    0x1  __dbg_break.o [3]
                             - 0x008cd2  0xc52


*******************************************************************************
*** INIT TABLE
***

          Address   Size
          -------   ----
Zero (__iar_zero_init2)
    1 destination range, total size 0x27:
          0x000010  0x27



*******************************************************************************
*** MODULE SUMMARY
***

    Module                 ro code  ro data  rw data
    ------                 -------  -------  -------
C:\Users\admin\Desktop\New folder\stm8\Projects File\Debug\Obj: [1]
    Print.o                    318
    Serial.o                   202       10       39
    main.o                      39
    stm8s_clk.o                585       69
    stm8s_config.o             105
    stm8s_gpio.o               283       66
    stm8s_uart1.o              587       67
    ------------------------------------------------
    Total:                   2 119      212       39

command line: [2]
    ------------------------------------------------
    Total:

dbgstm8smd.a: [3]
    __dbg_break.o                1
    __dbg_xxexit.o              20
    ------------------------------------------------
    Total:                      21

dlstm8smn.a: [4]
    cexit.o                      5
    cppinit.o                   30
    cstartup.o                  29
    dc_util.o                   37
    exit.o                       3
    init.o                      23
    init_small.o                30
    interrupt.o                  3      128
    long.o                     299
    long_util.o                 71
    low_level_init.o             3
    short.o                     21
    unhandled_exception.o        3
    vreg_util.o                237
    vregs.o                                       16
    ------------------------------------------------
    Total:                     794      128       16

    Linker created                        8      256
----------------------------------------------------
    Grand Total:             2 934      348      311


*******************************************************************************
*** ENTRY LIST
***

Entry                    Address   Size  Type      Object
-----                    -------   ----  ----      ------
.iar.init_table$$Base   0x008ba3          --   Gb  - Linker created -
.iar.init_table$$Limit  0x008bab          --   Gb  - Linker created -
??call_ctors            0x008bf4         Code  Gb  cstartup.o [4]
?b0                     0x000000         Data  Gb  vregs.o [4]
?b1                     0x000001         Data  Gb  vregs.o [4]
?b10                    0x00000a         Data  Gb  vregs.o [4]
?b11                    0x00000b         Data  Gb  vregs.o [4]
?b12                    0x00000c         Data  Gb  vregs.o [4]
?b13                    0x00000d         Data  Gb  vregs.o [4]
?b14                    0x00000e         Data  Gb  vregs.o [4]
?b15                    0x00000f         Data  Gb  vregs.o [4]
?b2                     0x000002         Data  Gb  vregs.o [4]
?b3                     0x000003         Data  Gb  vregs.o [4]
?b4                     0x000004         Data  Gb  vregs.o [4]
?b5                     0x000005         Data  Gb  vregs.o [4]
?b6                     0x000006         Data  Gb  vregs.o [4]
?b7                     0x000007         Data  Gb  vregs.o [4]
?b8                     0x000008         Data  Gb  vregs.o [4]
?b9                     0x000009         Data  Gb  vregs.o [4]
?dc32_l0                0x008b7e         Code  Gb  dc_util.o [4]
?dc32_l1                0x008b8b         Code  Gb  dc_util.o [4]
?dc32_px                0x008b98         Code  Gb  dc_util.o [4]
?e0                     0x000001         Data  Gb  vregs.o [4]
?e1                     0x000005         Data  Gb  vregs.o [4]
?e2                     0x000009         Data  Gb  vregs.o [4]
?e3                     0x00000d         Data  Gb  vregs.o [4]
?epilogue_l2            0x008696         Code  Gb  vreg_util.o [4]
?epilogue_l2_l3         0x008693         Code  Gb  vreg_util.o [4]
?epilogue_l2_w6         0x00869a         Code  Gb  vreg_util.o [4]
?l0                     0x000000         Data  Gb  vregs.o [4]
?l1                     0x000004         Data  Gb  vregs.o [4]
?l2                     0x000008         Data  Gb  vregs.o [4]
?l3                     0x00000c         Data  Gb  vregs.o [4]
?load32_0x_l0           0x00891a         Code  Gb  long_util.o [4]
?load32_asp_l0          0x00890e         Code  Gb  long_util.o [4]
?load32_dbsp_l0         0x008909         Code  Gb  long_util.o [4]
?load32_l0_0x           0x0088f1         Code  Gb  long_util.o [4]
?load32_l0_asp          0x0088e6         Code  Gb  long_util.o [4]
?load32_l0_dbsp         0x0088e1         Code  Gb  long_util.o [4]
?load32_l0_xsp          0x0088e8         Code  Gb  long_util.o [4]
?load32_l1_0x           0x0088fd         Code  Gb  long_util.o [4]
?load32_xsp_l0          0x008910         Code  Gb  long_util.o [4]
?mov_e0_e2              0x0086ab         Code  Gb  vreg_util.o [4]
?mov_e0_e3              0x0086b8         Code  Gb  vreg_util.o [4]
?mov_e1_e0              0x0086c5         Code  Gb  vreg_util.o [4]
?mov_e1_e2              0x0086d2         Code  Gb  vreg_util.o [4]
?mov_e1_e3              0x0086df         Code  Gb  vreg_util.o [4]
?mov_e2_e0              0x0086ec         Code  Gb  vreg_util.o [4]
?mov_e3_e0              0x0086f9         Code  Gb  vreg_util.o [4]
?mov_l0_l2              0x0086a8         Code  Gb  vreg_util.o [4]
?mov_l0_l3              0x0086b5         Code  Gb  vreg_util.o [4]
?mov_l1_l0              0x0086c2         Code  Gb  vreg_util.o [4]
?mov_l1_l2              0x0086cf         Code  Gb  vreg_util.o [4]
?mov_l1_l3              0x0086dc         Code  Gb  vreg_util.o [4]
?mov_l2_l0              0x0086e9         Code  Gb  vreg_util.o [4]
?mov_l3_l0              0x0086f6         Code  Gb  vreg_util.o [4]
?mov_w1_w5              0x0086ae         Code  Gb  vreg_util.o [4]
?mov_w1_w7              0x0086bb         Code  Gb  vreg_util.o [4]
?mov_w3_w1              0x0086c8         Code  Gb  vreg_util.o [4]
?mov_w3_w5              0x0086d5         Code  Gb  vreg_util.o [4]
?mov_w3_w7              0x0086e2         Code  Gb  vreg_util.o [4]
?mov_w5_w1              0x0086ef         Code  Gb  vreg_util.o [4]
?mov_w6_w0              0x0086a1         Code  Gb  vreg_util.o [4]
?mov_w7_w1              0x0086fc         Code  Gb  vreg_util.o [4]
?mul32_l0_l0_0x         0x0083f5         Code  Gb  long.o [4]
?mul32_l0_l0_dl         0x0083f2         Code  Gb  long.o [4]
?mul32_l0_l0_l1         0x0083fe         Code  Gb  long.o [4]
?pop_l2                 0x008675         Code  Gb  vreg_util.o [4]
?pop_l3                 0x008680         Code  Gb  vreg_util.o [4]
?pop_w0                 0x008638         Code  Gb  vreg_util.o [4]
?pop_w6                 0x00863f         Code  Gb  vreg_util.o [4]
?push_l2                0x00864e         Code  Gb  vreg_util.o [4]
?push_l3                0x008653         Code  Gb  vreg_util.o [4]
?push_w0                0x008616         Code  Gb  vreg_util.o [4]
?push_w4                0x00861b         Code  Gb  vreg_util.o [4]
?push_w6                0x008620         Code  Gb  vreg_util.o [4]
?sll32_0x_0x_a          0x0084f4         Code  Gb  long.o [4]
?sll32_l0_l0_a          0x0084f1         Code  Gb  long.o [4]
?smod16_y_x_y           0x008c68         Code  Gb  short.o [4]
?srl16_x_x_4            0x008c78         Code  Gb  short.o [4]
?sub32_l0_l0_0x         0x0083da         Code  Gb  long.o [4]
?sub32_l0_l0_l1         0x0083d7         Code  Gb  long.o [4]
?udiv32_l0_dl_l1        0x00847c         Code  Gb  long.o [4]
?udiv32_l0_l0_dl        0x008481         Code  Gb  long.o [4]
?udiv32_l0_l0_l1        0x008484         Code  Gb  long.o [4]
?umod32_l1_l0_l1        0x008484         Code  Gb  long.o [4]
?w0                     0x000000         Data  Gb  vregs.o [4]
?w1                     0x000002         Data  Gb  vregs.o [4]
?w2                     0x000004         Data  Gb  vregs.o [4]
?w3                     0x000006         Data  Gb  vregs.o [4]
?w4                     0x000008         Data  Gb  vregs.o [4]
?w5                     0x00000a         Data  Gb  vregs.o [4]
?w6                     0x00000c         Data  Gb  vregs.o [4]
?w7                     0x00000e         Data  Gb  vregs.o [4]
CLK_ClockSwitchConfig(CLK_SwitchMode_TypeDef, CLK_Source_TypeDef, FunctionalState, CLK_CurrentClockState_TypeDef)
                        0x0082a6  0x131  Code  Gb  stm8s_clk.o [1]
CLK_DeInit()            0x008aac   0x36  Code  Gb  stm8s_clk.o [1]
CLK_GetClockFreq()      0x008841   0x57  Code  Gb  stm8s_clk.o [1]
CLK_SYSCLKConfig(CLK_Prescaler_TypeDef)
                        0x0087b6   0x8b  Code  Gb  stm8s_clk.o [1]
CSTACK$$Base            0x000300          --   Gb  - Linker created -
CSTACK$$Limit           0x000400          --   Gb  - Linker created -
GPIO_Config()           0x008c91    0xc  Code  Gb  stm8s_config.o [1]
GPIO_Init(GPIO_struct __near *, GPIO_Pin_TypeDef, GPIO_Mode_TypeDef)
                        0x008502  0x114  Code  Gb  stm8s_gpio.o [1]
GPIO_WriteReverse(GPIO_struct __near *, GPIO_Pin_TypeDef)
                        0x008ca5    0x7  Code  Gb  stm8s_gpio.o [1]
HSIDivFactor            0x008cbd    0x4  Data  Lc  stm8s_clk.o [1]
HardwareSerial::HardwareSerial()
                        0x008cac    0x6  Code  Gb  Serial.o [1]
HardwareSerial::_error  0x000032    0x1  Data  Gb  Serial.o [1]
HardwareSerial::_rxbuf  0x000010   0x10  Data  Gb  Serial.o [1]
HardwareSerial::_rxbuflen
                        0x000034    0x1  Data  Gb  Serial.o [1]
HardwareSerial::_rxbufpos
                        0x000033    0x1  Data  Gb  Serial.o [1]
HardwareSerial::_txbuf  0x000020   0x10  Data  Gb  Serial.o [1]
HardwareSerial::_txbuflen
                        0x000036    0x1  Data  Gb  Serial.o [1]
HardwareSerial::_txbufpos
                        0x000035    0x1  Data  Gb  Serial.o [1]
HardwareSerial::write(unsigned char)
                        0x008a73   0x39  Code  Gb  Serial.o [1]
INTVEC$$Base            0x008000          --   Gb  - Linker created -
INTVEC$$Limit           0x008080          --   Gb  - Linker created -
Print::print(unsigned char, unsigned char)
                        0x0087a7    0xf  Code  Gb  Print.o [1]
Print::print(unsigned short, unsigned char)
                        0x008703   0xa4  Code  Gb  Print.o [1]
Print::println()        0x008ae2   0x2a  Code  Gb  Print.o [1]
Print::println(unsigned char, unsigned char)
                        0x008c39   0x18  Code  Gb  Print.o [1]
Print::write(unsigned char const __near *, unsigned short)
                        0x008898   0x49  Code  Gb  Print.o [1]
Region$$Table$$Base     0x008ba3          --   Gb  - Linker created -
Region$$Table$$Limit    0x008bab          --   Gb  - Linker created -
SHT$$INIT_ARRAY$$Base   0x008ccf          --   Gb  - Linker created -
SHT$$INIT_ARRAY$$Limit  0x008cd1          --   Gb  - Linker created -
SHT$$PREINIT_ARRAY$$Base
                        0x008ccf          --   Gb  - Linker created -
SHT$$PREINIT_ARRAY$$Limit
                        0x008ccf          --   Gb  - Linker created -
Serial                  0x000030    0x2  Data  Gb  Serial.o [1]
UART1_DeInit()          0x008b59   0x25  Code  Gb  stm8s_uart1.o [1]
UART1_Init(unsigned long, UART1_WordLength_TypeDef, UART1_StopBits_TypeDef, UART1_Parity_TypeDef, UART1_SyncMode_TypeDef, UART1_Mode_TypeDef)
                        0x008080  0x226  Code  Gb  stm8s_uart1.o [1]
UART1_RX_IRQHandler()   0x008a34   0x3f  Code  Gb  Serial.o [1]
UART1_TX_IRQHandler()   0x008928   0x46  Code  Gb  Serial.o [1]
UART_Config()           0x008c04   0x1c  Code  Gb  stm8s_config.o [1]
Virtual function table for HardwareSerial
                        0x008c9d    0x8  Data  Gb  Serial.o [1]
__DebugBreak            0x008cd1    0x1  Code  Gb  __dbg_break.o [3]
__call_ctors            0x008bab   0x1e  Code  Gb  cppinit.o [4]
__exit                  0x008c7d   0x14  Code  Gb  __dbg_xxexit.o [3]
__iar_cstart_call_ctors
                        0x008bf4         Code  Gb  cstartup.o [4]
__iar_data_init2        0x008c51   0x17  Code  Gb  init.o [4]
__iar_program_start     0x008be7         Code  Gb  cstartup.o [4]
__iar_unhandled_exception
                        0x008cca         Code  Gb  unhandled_exception.o [4]
__iar_zero_init2        0x008bc9         Code  Gb  init_small.o [4]
__intvec                0x008000         Data  Gb  interrupt.o [4]
__low_level_init        0x008cc4    0x3  Code  Gb  low_level_init.o [4]
__sti__routine          0x008cb2    0x6  Code  Lc  Serial.o [1]
_exit                   0x008cb8         Code  Gb  cexit.o [4]
_interrupt_19           0x008928         Code  Gb  Serial.o [1]
_interrupt_20           0x008a34         Code  Gb  Serial.o [1]
assert_failed(unsigned char __near *, unsigned long)
                        0x008ccd    0x2  Code  Gb  main.o [1]
clk_config_16MHz_hsi()  0x008c20   0x19  Code  Gb  stm8s_config.o [1]
delay(unsigned short)   0x008b0c   0x28  Code  Gb  stm8s_config.o [1]
exit                    0x008cc7    0x3  Code  Gb  exit.o [4]
main                    0x008b34   0x25  Code  Gb  main.o [1]


[1] = C:\Users\admin\Desktop\New folder\stm8\Projects File\Debug\Obj
[2] = command line
[3] = dbgstm8smd.a
[4] = dlstm8smn.a

  2 934 bytes of readonly  code memory
    348 bytes of readonly  data memory
    311 bytes of readwrite data memory

Errors: none
Warnings: none
